===== P=3 =====
dict: 4,704,000 patches (P=3), Nsub=6000
median r2(model, IS-FM)  = 0.471
median r2(model, ELS-FM) = 0.374
ELS>IS on 2/8 seeds
===== P=5 =====
dict: 4,704,000 patches (P=5), Nsub=6000
median r2(model, IS-FM)  = 0.471
median r2(model, ELS-FM) = 0.305
ELS>IS on 3/8 seeds
===== P=7 =====
dict: 4,704,000 patches (P=7), Nsub=6000
median r2(model, IS-FM)  = 0.471
median r2(model, ELS-FM) = 0.463
ELS>IS on 5/8 seeds
===== P=9 =====
dict: 4,704,000 patches (P=9), Nsub=6000
median r2(model, IS-FM)  = 0.471
median r2(model, ELS-FM) = 0.510
ELS>IS on 3/8 seeds
===== P=11 =====
dict: 4,704,000 patches (P=11), Nsub=6000
median r2(model, IS-FM)  = 0.471
median r2(model, ELS-FM) = 0.444
ELS>IS on 5/8 seeds
SWEEP_DONE
